data: {"id":"chatcmpl-<id>","object":"chat.completion.chunk","created":0,"model":"auto","choices":[{"index":0,"delta":{"role":"assistant"},"finish_reason":null}]}

data: {"id":"chatcmpl-<id>","object":"chat.completion.chunk","created":0,"model":"auto","choices":[{"index":0,"delta":{"content":"Hello, "},"finish_reason":null}]}

data: {"id":"chatcmpl-<id>","object":"chat.completion.chunk","created":0,"model":"auto","choices":[{"index":0,"delta":{"content":"world!"},"finish_reason":null}]}

data: {"id":"chatcmpl-<id>","object":"chat.completion.chunk","created":0,"model":"auto","choices":[{"index":0,"delta":{},"finish_reason":"stop"}]}

data: [DONE]
